🎲🎲🎲 EXIT CODE: 0 🎲🎲🎲
🟥🟥🟥 STDERR️️ 🟥🟥🟥️
This API allows you to manage your InterLink services.

USAGE:
  scw interlink <command>

AVAILABLE COMMANDS:
  link           Links commands
  partner        Partners commands
  pop            PoP commands
  routing-policy Routing policies commands

FLAGS:
  -h, --help   help for interlink

GLOBAL FLAGS:
  -c, --config string    The path to the config file
  -D, --debug            Enable debug mode
  -o, --output string    Output format: json or human, see 'scw help output' for more info (default "human")
  -p, --profile string   The config profile to use

Use "scw interlink [command] --help" for more information about a command.
