🎲🎲🎲 EXIT CODE: 0 🎲🎲🎲
🟥🟥🟥 STDERR️️ 🟥🟥🟥️
You must specify the `region`, `project_id` and `domain_name` to register a domain in a specific Project.

USAGE:
  scw tem domain create [arg=value ...]

ARGS:
  [project-id]      Project ID to use. If none is passed the default project ID will be used
  [domain-name]     Fully qualified domain dame
  [autoconfig]      Activate auto-configuration of the domain's DNS zone
  [region=fr-par]   Region to target. If none is passed will use default region from the config (fr-par)

DEPRECATED ARGS:
  [accept-tos]   Deprecated. Accept Scaleway's Terms of Service

FLAGS:
  -h, --help   help for create

GLOBAL FLAGS:
  -c, --config string    The path to the config file
  -D, --debug            Enable debug mode
  -o, --output string    Output format: json or human, see 'scw help output' for more info (default "human")
  -p, --profile string   The config profile to use
