🎲🎲🎲 EXIT CODE: 0 🎲🎲🎲
🟥🟥🟥 STDERR️️ 🟥🟥🟥️
Delete a given user on a Database Instance. You must specify, in the endpoint,  the `region`, `instance_id` and `name` parameters of the user you want to delete.

USAGE:
  scw rdb user delete [arg=value ...]

ARGS:
  instance-id       UUID of the Database Instance to delete the user from
  name              Name of the user
  [region=fr-par]   Region to target. If none is passed will use default region from the config (fr-par | nl-ams | pl-waw)

FLAGS:
  -h, --help   help for delete

GLOBAL FLAGS:
  -c, --config string    The path to the config file
  -D, --debug            Enable debug mode
  -o, --output string    Output format: json or human, see 'scw help output' for more info (default "human")
  -p, --profile string   The config profile to use
  -y, --yes              Automatically confirm all interactive prompts
