🎲🎲🎲 EXIT CODE: 0 🎲🎲🎲
🟥🟥🟥 STDERR️️ 🟥🟥🟥️
Delete an existing TLS stage, specified by its `tls_stage_id`. Deleting a TLS stage is permanent, and cannot be undone.

USAGE:
  scw edge-services tls-stage delete <tls-stage-id ...> [arg=value ...]

ARGS:
  tls-stage-id   ID of the TLS stage to delete

FLAGS:
  -h, --help   help for delete

GLOBAL FLAGS:
  -c, --config string    The path to the config file
  -D, --debug            Enable debug mode
  -o, --output string    Output format: json or human, see 'scw help output' for more info (default "human")
  -p, --profile string   The config profile to use
  -y, --yes              Automatically confirm all interactive prompts
