üé≤üé≤üé≤ EXIT CODE: 0 üé≤üé≤üé≤
üü•üü•üü• STDERRÔ∏èÔ∏è üü•üü•üü•Ô∏è
Update records within a DNS zone that has default name servers and perform several actions on your records.

Actions include:
 - add: allows you to add a new record or add a new IP to an existing A record, for example
 - set: allows you to edit a record or edit an IP from an existing A record, for example
 - delete: allows you to delete a record or delete an IP from an existing A record, for example
 - clear: allows you to delete all records from a DNS zone

All edits will be versioned.

USAGE:
  scw dns record bulk-update <dns-zone ...> [arg=value ...]

ARGS:
  dns-zone                                                                                 DNS zone in which to update the DNS zone records
  [changes.{index}.add.records.{index}.data]                                               
  [changes.{index}.add.records.{index}.name]                                               
  [changes.{index}.add.records.{index}.priority]                                           
  [changes.{index}.add.records.{index}.ttl]                                                
  [changes.{index}.add.records.{index}.type]                                                (unknown | A | AAAA | CNAME | TXT | SRV | TLSA | MX | NS | PTR | CAA | ALIAS | LOC | SSHFP | HINFO | RP | URI | DS | NAPTR | DNAME | SVCB | HTTPS)
  [changes.{index}.add.records.{index}.comment]                                            
  [changes.{index}.add.records.{index}.geo-ip-config.matches.{index}.countries.{index}]    
  [changes.{index}.add.records.{index}.geo-ip-config.matches.{index}.continents.{index}]   
  [changes.{index}.add.records.{index}.geo-ip-config.matches.{index}.data]                 
  [changes.{index}.add.records.{index}.geo-ip-config.default]                              
  [changes.{index}.add.records.{index}.http-service-config.ips.{index}]                    
  [changes.{index}.add.records.{index}.http-service-config.must-contain]                   
  [changes.{index}.add.records.{index}.http-service-config.url]                            
  [changes.{index}.add.records.{index}.http-service-config.user-agent]                     
  [changes.{index}.add.records.{index}.http-service-config.strategy]                        (random | hashed | all)
  [changes.{index}.add.records.{index}.weighted-config.weighted-ips.{index}.ip]            
  [changes.{index}.add.records.{index}.weighted-config.weighted-ips.{index}.weight]        
  [changes.{index}.add.records.{index}.view-config.views.{index}.subnet]                   
  [changes.{index}.add.records.{index}.view-config.views.{index}.data]                     
  [changes.{index}.add.records.{index}.id]                                                 
  [changes.{index}.set.id]                                                                 
  [changes.{index}.set.id-fields.name]                                                     
  [changes.{index}.set.id-fields.type]                                                      (unknown | A | AAAA | CNAME | TXT | SRV | TLSA | MX | NS | PTR | CAA | ALIAS | LOC | SSHFP | HINFO | RP | URI | DS | NAPTR | DNAME | SVCB | HTTPS)
  [changes.{index}.set.id-fields.data]                                                     
  [changes.{index}.set.id-fields.ttl]                                                      
  [changes.{index}.set.records.{index}.data]                                               
  [changes.{index}.set.records.{index}.name]                                               
  [changes.{index}.set.records.{index}.priority]                                           
  [changes.{index}.set.records.{index}.ttl]                                                
  [changes.{index}.set.records.{index}.type]                                                (unknown | A | AAAA | CNAME | TXT | SRV | TLSA | MX | NS | PTR | CAA | ALIAS | LOC | SSHFP | HINFO | RP | URI | DS | NAPTR | DNAME | SVCB | HTTPS)
  [changes.{index}.set.records.{index}.comment]                                            
  [changes.{index}.set.records.{index}.geo-ip-config.matches.{index}.countries.{index}]    
  [changes.{index}.set.records.{index}.geo-ip-config.matches.{index}.continents.{index}]   
  [changes.{index}.set.records.{index}.geo-ip-config.matches.{index}.data]                 
  [changes.{index}.set.records.{index}.geo-ip-config.default]                              
  [changes.{index}.set.records.{index}.http-service-config.ips.{index}]                    
  [changes.{index}.set.records.{index}.http-service-config.must-contain]                   
  [changes.{index}.set.records.{index}.http-service-config.url]                            
  [changes.{index}.set.records.{index}.http-service-config.user-agent]                     
  [changes.{index}.set.records.{index}.http-service-config.strategy]                        (random | hashed | all)
  [changes.{index}.set.records.{index}.weighted-config.weighted-ips.{index}.ip]            
  [changes.{index}.set.records.{index}.weighted-config.weighted-ips.{index}.weight]        
  [changes.{index}.set.records.{index}.view-config.views.{index}.subnet]                   
  [changes.{index}.set.records.{index}.view-config.views.{index}.data]                     
  [changes.{index}.set.records.{index}.id]                                                 
  [changes.{index}.delete.id]                                                              
  [changes.{index}.delete.id-fields.name]                                                  
  [changes.{index}.delete.id-fields.type]                                                   (unknown | A | AAAA | CNAME | TXT | SRV | TLSA | MX | NS | PTR | CAA | ALIAS | LOC | SSHFP | HINFO | RP | URI | DS | NAPTR | DNAME | SVCB | HTTPS)
  [changes.{index}.delete.id-fields.data]                                                  
  [changes.{index}.delete.id-fields.ttl]                                                   
  [return-all-records]                                                                     Specifies whether or not to return all the records
  [disallow-new-zone-creation]                                                             Disable the creation of the target zone if it does not exist. Target zone creation is disabled by default
  [serial]                                                                                 Use the provided serial (0) instead of the auto-increment serial

FLAGS:
  -h, --help   help for bulk-update

GLOBAL FLAGS:
  -c, --config string    The path to the config file
  -D, --debug            Enable debug mode
  -o, --output string    Output format: json or human, see 'scw help output' for more info (default "human")
  -p, --profile string   The config profile to use
  -y, --yes              Automatically confirm all interactive prompts
