🎲🎲🎲 EXIT CODE: 0 🎲🎲🎲
🟥🟥🟥 STDERR️️ 🟥🟥🟥️
List existing VPCs in the specified region.

USAGE:
  scw vpc vpc list [arg=value ...]

ARGS:
  [order-by]          Sort order of the returned VPCs (created_at_asc | created_at_desc | name_asc | name_desc)
  [name]              Name to filter for. Only VPCs with names containing this string will be returned
  [tags.{index}]      Tags to filter for. Only VPCs with one more more matching tags will be returned
  [project-id]        Project ID to filter for. Only VPCs belonging to this Project will be returned
  [is-default]        Defines whether to filter only for VPCs which are the default one for their Project
  [routing-enabled]   Defines whether to filter only for VPCs which route traffic between their Private Networks
  [organization-id]   Organization ID to filter for. Only VPCs belonging to this Organization will be returned
  [region=fr-par]     Region to target. If none is passed will use default region from the config (fr-par | nl-ams | pl-waw | all)

FLAGS:
  -h, --help   help for list

GLOBAL FLAGS:
  -c, --config string    The path to the config file
  -D, --debug            Enable debug mode
  -o, --output string    Output format: json or human, see 'scw help output' for more info (default "human")
  -p, --profile string   The config profile to use
