🎲🎲🎲 EXIT CODE: 0 🎲🎲🎲
🟥🟥🟥 STDERR️️ 🟥🟥🟥️
Create a new server in the targeted zone, specifying its configuration including name and type.

USAGE:
  scw apple-silicon server create [arg=value ...]

ARGS:
  [name=<generated>]   Create a server with this given name
  [project-id]         Project ID to use. If none is passed the default project ID will be used
  [type]               Create a server of the given type
  [os-id]              Create a server with the given os_id
  [enable-vpc]         Activate the Private Network feature for this server
  [zone=fr-par-1]      Zone to target. If none is passed will use default zone from the config (fr-par-3)

FLAGS:
  -h, --help   help for create
  -w, --wait   wait until the server is ready

GLOBAL FLAGS:
  -c, --config string    The path to the config file
  -D, --debug            Enable debug mode
  -o, --output string    Output format: json or human, see 'scw help output' for more info (default "human")
  -p, --profile string   The config profile to use
