🎲🎲🎲 EXIT CODE: 0 🎲🎲🎲
🟥🟥🟥 STDERR️️ 🟥🟥🟥️
A Private Network allows you to interconnect your Scaleway resources
in an isolated and private network. Network reachability is limited
to resources that are on the same Private Network. Note that a
resource can be a part of multiple private networks.

USAGE:
  scw vpc private-network <command>

AVAILABLE COMMANDS:
  create      Create a Private Network
  delete      Delete a Private Network
  enable-dhcp Enable DHCP on a Private Network
  get         Get a Private Network
  list        List Private Networks
  update      Update Private Network

FLAGS:
  -h, --help   help for private-network

GLOBAL FLAGS:
  -c, --config string    The path to the config file
  -D, --debug            Enable debug mode
  -o, --output string    Output format: json or human, see 'scw help output' for more info (default "human")
  -p, --profile string   The config profile to use

Use "scw vpc private-network [command] --help" for more information about a command.
