🎲🎲🎲 EXIT CODE: 0 🎲🎲🎲
🟥🟥🟥 STDERR️️ 🟥🟥🟥️
Delete an existing Project, specified by its Project ID. The Project needs to be empty (meaning there are no resources left in it) to be deleted effectively. Note that deleting a Project is permanent, and cannot be undone.

USAGE:
  scw account project delete [arg=value ...]

ARGS:
  [project-id]   Project ID to use. If none is passed the default project ID will be used

FLAGS:
  -h, --help   help for delete

GLOBAL FLAGS:
  -c, --config string    The path to the config file
  -D, --debug            Enable debug mode
  -o, --output string    Output format: json or human, see 'scw help output' for more info (default "human")
  -p, --profile string   The config profile to use
  -y, --yes              Automatically confirm all interactive prompts
