🎲🎲🎲 EXIT CODE: 0 🎲🎲🎲
🟥🟥🟥 STDERR️️ 🟥🟥🟥️
Purge-request management commands.

USAGE:
  scw edge-services purge-request <command>

AVAILABLE COMMANDS:
  create      Create purge request
  get         Get purge request
  list        List purge requests

FLAGS:
  -h, --help   help for purge-request

GLOBAL FLAGS:
  -c, --config string    The path to the config file
  -D, --debug            Enable debug mode
  -o, --output string    Output format: json or human, see 'scw help output' for more info (default "human")
  -p, --profile string   The config profile to use
  -y, --yes              Automatically confirm all interactive prompts

Use "scw edge-services purge-request [command] --help" for more information about a command.
