🎲🎲🎲 EXIT CODE: 0 🎲🎲🎲
🟥🟥🟥 STDERR️️ 🟥🟥🟥️
Node types management commands.

USAGE:
  scw inference node-type <command>

AVAILABLE COMMANDS:
  list        List available node types

FLAGS:
  -h, --help   help for node-type

GLOBAL FLAGS:
  -c, --config string    The path to the config file
  -D, --debug            Enable debug mode
  -o, --output string    Output format: json or human, see 'scw help output' for more info (default "human")
  -p, --profile string   The config profile to use
  -y, --yes              Automatically confirm all interactive prompts

Use "scw inference node-type [command] --help" for more information about a command.
