🎲🎲🎲 EXIT CODE: 0 🎲🎲🎲
🟥🟥🟥 STDERR️️ 🟥🟥🟥️
Delete an existing ACL.

USAGE:
  scw inference acl delete <acl-id ...> [arg=value ...]

ARGS:
  acl-id            ID of the ACL rule to delete
  [region=fr-par]   Region to target. If none is passed will use default region from the config (fr-par)

FLAGS:
  -h, --help   help for delete

GLOBAL FLAGS:
  -c, --config string    The path to the config file
  -D, --debug            Enable debug mode
  -o, --output string    Output format: json or human, see 'scw help output' for more info (default "human")
  -p, --profile string   The config profile to use
