🎲🎲🎲 EXIT CODE: 0 🎲🎲🎲
🟥🟥🟥 STDERR️️ 🟥🟥🟥️
Delete an existing route stage, specified by its `route_stage_id`. Deleting a route stage is permanent, and cannot be undone.

USAGE:
  scw edge-services route-stage delete <route-stage-id ...> [arg=value ...]

ARGS:
  route-stage-id   ID of the route stage to delete

FLAGS:
  -h, --help   help for delete

GLOBAL FLAGS:
  -c, --config string    The path to the config file
  -D, --debug            Enable debug mode
  -o, --output string    Output format: json or human, see 'scw help output' for more info (default "human")
  -p, --profile string   The config profile to use
