🎲🎲🎲 EXIT CODE: 0 🎲🎲🎲
🟥🟥🟥 STDERR️️ 🟥🟥🟥️
Network Access Control Lists (ACLs) allow you to manage network inbound traffic by setting up ACL rules.

USAGE:
  scw redis acl <command>

AVAILABLE COMMANDS:
  add         Add ACL rules for a cluster
  delete      Delete an ACL rule for a cluster
  get         Get an ACL rule
  set         Set ACL rules for a cluster
  update      Update an ACL rule for a Redis™ Database Instance (network rule)

FLAGS:
  -h, --help   help for acl

GLOBAL FLAGS:
  -c, --config string    The path to the config file
  -D, --debug            Enable debug mode
  -o, --output string    Output format: json or human, see 'scw help output' for more info (default "human")
  -p, --profile string   The config profile to use

Use "scw redis acl [command] --help" for more information about a command.
