🎲🎲🎲 EXIT CODE: 0 🎲🎲🎲
🟥🟥🟥 STDERR️️ 🟥🟥🟥️
Apply protection to a given key specified by the `key_id` parameter. Applying key protection means that your key can be used and modified, but it cannot be deleted.

USAGE:
  scw keymanager key protect <key-id ...> [arg=value ...]

ARGS:
  key-id            ID of the key to apply key protection to
  [region=fr-par]   Region to target. If none is passed will use default region from the config (fr-par | nl-ams | pl-waw)

FLAGS:
  -h, --help   help for protect

GLOBAL FLAGS:
  -c, --config string    The path to the config file
  -D, --debug            Enable debug mode
  -o, --output string    Output format: json or human, see 'scw help output' for more info (default "human")
  -p, --profile string   The config profile to use
