🎲🎲🎲 EXIT CODE: 0 🎲🎲🎲
🟥🟥🟥 STDERR️️ 🟥🟥🟥️
This API allows you to manage your Serverless SQL Databases.

USAGE:
  scw sdb-sql <command>

AVAILABLE COMMANDS:
  backup      
  database    

FLAGS:
  -h, --help   help for sdb-sql

GLOBAL FLAGS:
  -c, --config string    The path to the config file
  -D, --debug            Enable debug mode
  -o, --output string    Output format: json or human, see 'scw help output' for more info (default "human")
  -p, --profile string   The config profile to use
  -y, --yes              Automatically confirm all interactive prompts

Use "scw sdb-sql [command] --help" for more information about a command.
