🎲🎲🎲 EXIT CODE: 0 🎲🎲🎲
🟥🟥🟥 STDERR️️ 🟥🟥🟥️
Import a new model to your model library.

USAGE:
  scw inference model import [arg=value ...]

ARGS:
  name=<generated>   Name of the model
  [project-id]       Project ID to use. If none is passed the default project ID will be used
  [source.url]       
  [source.secret]    
  [region=fr-par]    Region to target. If none is passed will use default region from the config (fr-par)

FLAGS:
  -h, --help   help for import

GLOBAL FLAGS:
  -c, --config string    The path to the config file
  -D, --debug            Enable debug mode
  -o, --output string    Output format: json or human, see 'scw help output' for more info (default "human")
  -p, --profile string   The config profile to use
