🎲🎲🎲 EXIT CODE: 0 🎲🎲🎲
🟥🟥🟥 STDERR️️ 🟥🟥🟥️
List all Database Instances in the specified region, for a given Scaleway Organization or Scaleway Project. By default, the Database Instances returned in the list are ordered by creation date in ascending order, though this can be modified via the order_by field. You can define additional parameters for your query, such as `tags` and `name`. For the `name` parameter, the value you include will be checked against the whole name string to see if it includes the string you put in the parameter.

USAGE:
  scw rdb instance list [arg=value ...]

ARGS:
  [tags.{index}]       List Database Instances that have a given tag
  [name]               Lists Database Instances that match a name pattern
  [order-by]           Criteria to use when ordering Database Instance listings (created_at_asc | created_at_desc | name_asc | name_desc | region | status_asc | status_desc)
  [project-id]         Project ID to list the Database Instance of
  [has-maintenances]   Filter to only list instances with a scheduled maintenance
  [organization-id]    Please use project_id instead
  [region=fr-par]      Region to target. If none is passed will use default region from the config (fr-par | nl-ams | pl-waw | all)

FLAGS:
  -h, --help   help for list

GLOBAL FLAGS:
  -c, --config string    The path to the config file
  -D, --debug            Enable debug mode
  -o, --output string    Output format: json or human, see 'scw help output' for more info (default "human")
  -p, --profile string   The config profile to use
