🎲🎲🎲 EXIT CODE: 0 🎲🎲🎲
🟥🟥🟥 STDERR️️ 🟥🟥🟥️
Create a set of credentials for Topics and Events, specified by a Project ID. Credentials give the bearer access to topics, and the level of permissions can be defined granularly.

USAGE:
  scw mnq sns create-credentials [arg=value ...]

ARGS:
  [project-id]                Project ID to use. If none is passed the default project ID will be used
  [name=<generated>]          Name of the credentials
  [permissions.can-publish]   Defines whether the credentials bearer can publish messages to the service (publish to Topics and Events topics)
  [permissions.can-receive]   Defines whether the credentials bearer can receive messages from the service (configure subscriptions)
  [permissions.can-manage]    Defines whether the credentials bearer can manage the associated Topics and Events topics or subscriptions
  [region=fr-par]             Region to target. If none is passed will use default region from the config (fr-par | nl-ams)

FLAGS:
  -h, --help   help for create-credentials

GLOBAL FLAGS:
  -c, --config string    The path to the config file
  -D, --debug            Enable debug mode
  -o, --output string    Output format: json or human, see 'scw help output' for more info (default "human")
  -p, --profile string   The config profile to use
  -y, --yes              Automatically confirm all interactive prompts
