🎲🎲🎲 EXIT CODE: 0 🎲🎲🎲
🟥🟥🟥 STDERR️️ 🟥🟥🟥️
Retrieve information about a given snapshot of a Database Instance. You must specify, in the endpoint, the `snapshot_id` parameter of the snapshot you want to retrieve.

USAGE:
  scw mongodb snapshot get <snapshot-id ...> [arg=value ...]

ARGS:
  snapshot-id       UUID of the snapshot
  [region=fr-par]   Region to target. If none is passed will use default region from the config (fr-par)

FLAGS:
  -h, --help   help for get

GLOBAL FLAGS:
  -c, --config string    The path to the config file
  -D, --debug            Enable debug mode
  -o, --output string    Output format: json or human, see 'scw help output' for more info (default "human")
  -p, --profile string   The config profile to use
  -y, --yes              Automatically confirm all interactive prompts
