🎲🎲🎲 EXIT CODE: 0 🎲🎲🎲
🟥🟥🟥 STDERR️️ 🟥🟥🟥️
All volume types available in a specified zone.
Each of these types will contains all the capabilities and constraints of the volume (min size, max size, snapshot).

USAGE:
  scw instance volume-type <command>

AVAILABLE COMMANDS:
  list        List volume types

FLAGS:
  -h, --help   help for volume-type

GLOBAL FLAGS:
  -c, --config string    The path to the config file
  -D, --debug            Enable debug mode
  -o, --output string    Output format: json or human, see 'scw help output' for more info (default "human")
  -p, --profile string   The config profile to use
      --web              open console page for the current ressource
  -y, --yes              Automatically confirm all interactive prompts

Use "scw instance volume-type [command] --help" for more information about a command.
