🎲🎲🎲 EXIT CODE: 0 🎲🎲🎲
🟥🟥🟥 STDERR️️ 🟥🟥🟥️
Remove a specific device from the specific Hub it is attached to.

USAGE:
  scw iot device delete <device-id ...> [arg=value ...]

ARGS:
  device-id         Device ID
  [region=fr-par]   Region to target. If none is passed will use default region from the config (fr-par)

FLAGS:
  -h, --help   help for delete

GLOBAL FLAGS:
  -c, --config string    The path to the config file
  -D, --debug            Enable debug mode
  -o, --output string    Output format: json or human, see 'scw help output' for more info (default "human")
  -p, --profile string   The config profile to use
  -y, --yes              Automatically confirm all interactive prompts
