🎲🎲🎲 EXIT CODE: 0 🎲🎲🎲
🟥🟥🟥 STDERR️️ 🟥🟥🟥️
Add an additional ACL rule to a Redis™ Database Instance (Redis™ cluster).

USAGE:
  scw redis acl add [arg=value ...]

ARGS:
  cluster-id                        UUID of the Database Instance you want to add ACL rules to
  [acl-rules.{index}.ip-cidr]       IPv4 network address of the rule
  [acl-rules.{index}.description]   Description of the rule
  [zone=fr-par-1]                   Zone to target. If none is passed will use default zone from the config (fr-par-1 | fr-par-2 | nl-ams-1 | nl-ams-2 | pl-waw-1 | pl-waw-2)

FLAGS:
  -h, --help   help for add

GLOBAL FLAGS:
  -c, --config string    The path to the config file
  -D, --debug            Enable debug mode
  -o, --output string    Output format: json or human, see 'scw help output' for more info (default "human")
  -p, --profile string   The config profile to use
  -y, --yes              Automatically confirm all interactive prompts
