🎲🎲🎲 EXIT CODE: 0 🎲🎲🎲
🟥🟥🟥 STDERR️️ 🟥🟥🟥️
DNS records management.

USAGE:
  scw dns record <command>

AVAILABLE COMMANDS:
  add                Add a new DNS record
  bulk-update        Update records within a DNS zone
  clear              Clear records within a DNS zone
  delete             Delete a DNS record
  list               List records within a DNS zone
  list-nameservers   List name servers within a DNS zone
  set                Update a DNS record
  update-nameservers Update name servers within a DNS zone

FLAGS:
  -h, --help   help for record

GLOBAL FLAGS:
  -c, --config string    The path to the config file
  -D, --debug            Enable debug mode
  -o, --output string    Output format: json or human, see 'scw help output' for more info (default "human")
  -p, --profile string   The config profile to use
  -y, --yes              Automatically confirm all interactive prompts

Use "scw dns record [command] --help" for more information about a command.
