🎲🎲🎲 EXIT CODE: 0 🎲🎲🎲
🟥🟥🟥 STDERR️️ 🟥🟥🟥️
Websites represent the domains and paths hosted within your Web Hosting plan.

USAGE:
  scw webhosting website <command>

AVAILABLE COMMANDS:
  list        List all websites for a specific hosting.

FLAGS:
  -h, --help   help for website

GLOBAL FLAGS:
  -c, --config string    The path to the config file
  -D, --debug            Enable debug mode
  -o, --output string    Output format: json or human, see 'scw help output' for more info (default "human")
  -p, --profile string   The config profile to use

Use "scw webhosting website [command] --help" for more information about a command.
