🎲🎲🎲 EXIT CODE: 0 🎲🎲🎲
🟥🟥🟥 STDERR️️ 🟥🟥🟥️
List the rules of a given policy. By default, the rules listed are ordered by creation date in ascending order. This can be modified via the `order_by` field. You must define the `policy_id` in the query path of your request.

USAGE:
  scw iam rule list <policy-id ...> [arg=value ...]

ARGS:
  policy-id   Id of policy to search

FLAGS:
  -h, --help   help for list

GLOBAL FLAGS:
  -c, --config string    The path to the config file
  -D, --debug            Enable debug mode
  -o, --output string    Output format: json or human, see 'scw help output' for more info (default "human")
  -p, --profile string   The config profile to use
  -y, --yes              Automatically confirm all interactive prompts
