🎲🎲🎲 EXIT CODE: 0 🎲🎲🎲
🟥🟥🟥 STDERR️️ 🟥🟥🟥️
Create a new custom Route.

USAGE:
  scw vpc route create [arg=value ...]

ARGS:
  [description]                  Route description
  [tags.{index}]                 Tags of the Route
  [vpc-id]                       VPC the Route belongs to
  [destination]                  Destination of the Route
  [nexthop-resource-id]          ID of the nexthop resource
  [nexthop-private-network-id]   ID of the nexthop private network
  [region=fr-par]                Region to target. If none is passed will use default region from the config (fr-par | nl-ams | pl-waw)

FLAGS:
  -h, --help   help for create

GLOBAL FLAGS:
  -c, --config string    The path to the config file
  -D, --debug            Enable debug mode
  -o, --output string    Output format: json or human, see 'scw help output' for more info (default "human")
  -p, --profile string   The config profile to use
  -y, --yes              Automatically confirm all interactive prompts
