🎲🎲🎲 EXIT CODE: 0 🎲🎲🎲
🟥🟥🟥 STDERR️️ 🟥🟥🟥️
List all containers for a specified region.

USAGE:
  scw container container list [arg=value ...]

ARGS:
  [order-by]          Order of the containers (created_at_asc | created_at_desc | name_asc | name_desc)
  [namespace-id]      UUID of the namespace the container belongs to
  [name]              Name of the container
  [project-id]        UUID of the Project the container belongs to
  [organization-id]   UUID of the Organization the container belongs to
  [region=fr-par]     Region to target. If none is passed will use default region from the config (fr-par | nl-ams | pl-waw | all)

FLAGS:
  -h, --help   help for list

GLOBAL FLAGS:
  -c, --config string    The path to the config file
  -D, --debug            Enable debug mode
  -o, --output string    Output format: json or human, see 'scw help output' for more info (default "human")
  -p, --profile string   The config profile to use
  -y, --yes              Automatically confirm all interactive prompts
