🎲🎲🎲 EXIT CODE: 0 🎲🎲🎲
🟥🟥🟥 STDERR️️ 🟥🟥🟥️
Delete a specific Kubernetes cluster and all its associated pools and nodes, and possibly its associated Load Balancers or Block Volumes.

USAGE:
  scw k8s cluster delete <cluster-id ...> [arg=value ...]

EXAMPLES:
  Delete a cluster without deleting its Block volumes and Load Balancers
    scw k8s cluster delete 11111111-1111-1111-1111-111111111111

  Delete a cluster with its Block volumes and Load Balancers (best effort)
    scw k8s cluster delete 11111111-1111-1111-1111-111111111111 with-additional-resources=true

ARGS:
  cluster-id                    ID of the cluster to delete
  [with-additional-resources]   Defines whether all volumes (including retain volume type), empty Private Networks and Load Balancers with a name starting with the cluster ID will also be deleted
  [region=fr-par]               Region to target. If none is passed will use default region from the config (fr-par | nl-ams | pl-waw)

FLAGS:
  -h, --help   help for delete
  -w, --wait   wait until the cluster is ready

GLOBAL FLAGS:
  -c, --config string    The path to the config file
  -D, --debug            Enable debug mode
  -o, --output string    Output format: json or human, see 'scw help output' for more info (default "human")
  -p, --profile string   The config profile to use
  -y, --yes              Automatically confirm all interactive prompts
