🎲🎲🎲 EXIT CODE: 0 🎲🎲🎲
🟥🟥🟥 STDERR️️ 🟥🟥🟥️
Return all settings for a Project ID.

USAGE:
  scw baremetal settings list [arg=value ...]

ARGS:
  [order-by]        Sort order for items in the response (created_at_asc | created_at_desc)
  project-id        ID of the Project
  [zone=fr-par-1]   Zone to target. If none is passed will use default zone from the config (fr-par-1 | fr-par-2 | nl-ams-1 | nl-ams-2 | pl-waw-2 | pl-waw-3 | all)

FLAGS:
  -h, --help   help for list

GLOBAL FLAGS:
  -c, --config string    The path to the config file
  -D, --debug            Enable debug mode
  -o, --output string    Output format: json or human, see 'scw help output' for more info (default "human")
  -p, --profile string   The config profile to use
  -y, --yes              Automatically confirm all interactive prompts
