🎲🎲🎲 EXIT CODE: 0 🎲🎲🎲
🟥🟥🟥 STDERR️️ 🟥🟥🟥️
RPN V1 commands.

USAGE:
  scw dedibox rpn-v1 <command>

AVAILABLE COMMANDS:
  accept-invite           Accept-invite dedibox resources
  add-members             Add-members dedibox resources
  create                  Create dedibox resources
  delete                  Delete dedibox resources
  delete-members          Delete-members dedibox resources
  get                     Get dedibox resources
  invite                  Invite dedibox resources
  leave                   Leave dedibox resources
  list                    List dedibox resources
  list-capable-san-server List-capable-san-server dedibox resources
  list-capable-server     List-capable-server dedibox resources
  list-invites            List-invites dedibox resources
  list-members            List-members dedibox resources
  refuse-invite           Refuse-invite dedibox resources
  update                  Update dedibox resources

FLAGS:
  -h, --help   help for rpn-v1

GLOBAL FLAGS:
  -c, --config string    The path to the config file
  -D, --debug            Enable debug mode
  -o, --output string    Output format: json or human, see 'scw help output' for more info (default "human")
  -p, --profile string   The config profile to use
  -y, --yes              Automatically confirm all interactive prompts

Use "scw dedibox rpn-v1 [command] --help" for more information about a command.
