🎲🎲🎲 EXIT CODE: 0 🎲🎲🎲
🟥🟥🟥 STDERR️️ 🟥🟥🟥️
Alerting management commands.

USAGE:
  scw cockpit alert-manager <command>

AVAILABLE COMMANDS:
  disable     Disable the Alert manager
  enable      Enable the Alert manager
  get         Get the Alert manager

FLAGS:
  -h, --help   help for alert-manager

GLOBAL FLAGS:
  -c, --config string    The path to the config file
  -D, --debug            Enable debug mode
  -o, --output string    Output format: json or human, see 'scw help output' for more info (default "human")
  -p, --profile string   The config profile to use
  -y, --yes              Automatically confirm all interactive prompts

Use "scw cockpit alert-manager [command] --help" for more information about a command.
