🎲🎲🎲 EXIT CODE: 0 🎲🎲🎲
🟥🟥🟥 STDERR️️ 🟥🟥🟥️
Wait for a load balancer to reach a stable state. This is similar to using --wait flag.

USAGE:
  scw lb lb wait <lb-id ...> [arg=value ...]

EXAMPLES:
  Wait for a load balancer to reach a stable state
    scw lb lb wait 11111111-1111-1111-1111-111111111111

ARGS:
  lb-id             ID of the load balancer you want to wait for.
  [zone=fr-par-1]   Zone to target. If none is passed will use default zone from the config (fr-par-1 | fr-par-2 | pl-waw-1 | nl-ams-1)
  [timeout=10m0s]   Timeout of the wait

FLAGS:
  -h, --help   help for wait

GLOBAL FLAGS:
  -c, --config string    The path to the config file
  -D, --debug            Enable debug mode
  -o, --output string    Output format: json or human, see 'scw help output' for more info (default "human")
  -p, --profile string   The config profile to use
  -y, --yes              Automatically confirm all interactive prompts
