🎲🎲🎲 EXIT CODE: 0 🎲🎲🎲
🟩🟩🟩 STDOUT️ 🟩🟩🟩️
Username           Administrator
Password           C7+tN@bV\5&aFH)
SSHKeyID           5313927a-92cf-4387-8108-0c4a6329d386
SSHKeyDescription  test-cli-instance-server-get-rdp-password
🟩🟩🟩 JSON STDOUT 🟩🟩🟩
{
  "Username": "Administrator",
  "Password": "C7+tN@bV\\5\u0026aFH)",
  "SSHKeyID": "5313927a-92cf-4387-8108-0c4a6329d386",
  "SSHKeyDescription": "test-cli-instance-server-get-rdp-password"
}
