🎲🎲🎲 EXIT CODE: 0 🎲🎲🎲
🟩🟩🟩 STDOUT️ 🟩🟩🟩️
IP.ID            115a380f-74e2-4d96-8a9a-f5f0604c04a7
IP.Address       51.158.72.29
IP.Organization  fa1e3217-dc80-42ac-85c3-3f034b78b552
IP.Project       fa1e3217-dc80-42ac-85c3-3f034b78b552
IP.Type          routed_ipv4
IP.State         detached
IP.Prefix        -
IP.IpamID        c7d0cae3-4222-4a64-b486-7f5af6098ae9
IP.Zone          fr-par-1
🟩🟩🟩 JSON STDOUT 🟩🟩🟩
{
  "ip": {
    "id": "115a380f-74e2-4d96-8a9a-f5f0604c04a7",
    "address": "51.158.72.29",
    "reverse": null,
    "server": null,
    "organization": "fa1e3217-dc80-42ac-85c3-3f034b78b552",
    "tags": [],
    "project": "fa1e3217-dc80-42ac-85c3-3f034b78b552",
    "type": "routed_ipv4",
    "state": "detached",
    "prefix": "",
    "ipam_id": "c7d0cae3-4222-4a64-b486-7f5af6098ae9",
    "zone": "fr-par-1"
  }
}
