🎲🎲🎲 EXIT CODE: 0 🎲🎲🎲
🟩🟩🟩 STDOUT️ 🟩🟩🟩️
ID    2ca8274d-ca8d-4242-a8e3-552abca01d57
IP    51.159.10.191
Port  13691
🟩🟩🟩 JSON STDOUT 🟩🟩🟩
{
  "id": "2ca8274d-ca8d-4242-a8e3-552abca01d57",
  "ip": "51.159.10.191",
  "port": 13691,
  "name": null,
  "load_balancer": {}
}
