üé≤üé≤üé≤ EXIT CODE: 0 üé≤üé≤üé≤
üü©üü©üü© STDOUTÔ∏è üü©üü©üü©Ô∏è
ID              198b3ab9-9a9d-4dc9-b11f-1bebb9e0422e
OrganizationID  fa1e3217-dc80-42ac-85c3-3f034b78b552
ProjectID       fa1e3217-dc80-42ac-85c3-3f034b78b552
Name            cli-bm-fervent-jepsen
Description     -
UpdatedAt       few seconds ago
CreatedAt       few seconds ago
Status          ready
OfferID         ddb09834-8680-4339-b5e3-19ca5205fa1f
OfferName       EM-I215E-NVME
Domain          198b3ab9-9a9d-4dc9-b11f-1bebb9e0422e.fr-par-2.baremetal.scw.cloud
BootType        normal
Zone            fr-par-2
PingStatus      unknown
Protected       false

IPs:
ID                                    ADDRESS                                REVERSE                                                            VERSION  REVERSE STATUS  REVERSE STATUS MESSAGE
b7dcc938-b346-437b-8451-cf6fdf43ff60  2001:bc8:1201:a22:b683:51ff:fe0f:714c  198b3ab9-9a9d-4dc9-b11f-1bebb9e0422e.fr-par-2.baremetal.scw.cloud  IPv6     active          -
ba6478f8-e381-44aa-8c97-76fa4903761a  195.154.100.183                        198b3ab9-9a9d-4dc9-b11f-1bebb9e0422e.fr-par-2.baremetal.scw.cloud  IPv4     active          -

Options:
ID   NAME  STATUS  MANAGEABLE  EXPIRES AT

Install:
OsID                                                          03b7f4ba-a6a1-4305-984e-b54fafbf1681
Hostname                                                      test-install-server
SSHKeyIDs.0                                                   527f48c8-582f-4527-b28f-4a65e94ef424
Status                                                        completed
User                                                          ubuntu
ServiceUser                                                   -
ServiceURL                                                    -
PartitioningSchema.Disks.0.Device                             /dev/nvme0n1
PartitioningSchema.Disks.0.Partitions.0.Label                 uefi
PartitioningSchema.Disks.0.Partitions.0.Number                1
PartitioningSchema.Disks.0.Partitions.0.Size                  512 MiB
PartitioningSchema.Disks.0.Partitions.0.UseAllAvailableSpace  false
PartitioningSchema.Disks.0.Partitions.1.Label                 swap
PartitioningSchema.Disks.0.Partitions.1.Number                2
PartitioningSchema.Disks.0.Partitions.1.Size                  4.0 GiB
PartitioningSchema.Disks.0.Partitions.1.UseAllAvailableSpace  false
PartitioningSchema.Disks.0.Partitions.2.Label                 boot
PartitioningSchema.Disks.0.Partitions.2.Number                3
PartitioningSchema.Disks.0.Partitions.2.Size                  512 MiB
PartitioningSchema.Disks.0.Partitions.2.UseAllAvailableSpace  false
PartitioningSchema.Disks.0.Partitions.3.Label                 root
PartitioningSchema.Disks.0.Partitions.3.Number                4
PartitioningSchema.Disks.0.Partitions.3.Size                  1.7 TiB
PartitioningSchema.Disks.0.Partitions.3.UseAllAvailableSpace  false
PartitioningSchema.Disks.1.Device                             /dev/nvme1n1
PartitioningSchema.Disks.1.Partitions.0.Label                 swap
PartitioningSchema.Disks.1.Partitions.0.Number                1
PartitioningSchema.Disks.1.Partitions.0.Size                  4.0 GiB
PartitioningSchema.Disks.1.Partitions.0.UseAllAvailableSpace  false
PartitioningSchema.Disks.1.Partitions.1.Label                 boot
PartitioningSchema.Disks.1.Partitions.1.Number                2
PartitioningSchema.Disks.1.Partitions.1.Size                  512 MiB
PartitioningSchema.Disks.1.Partitions.1.UseAllAvailableSpace  false
PartitioningSchema.Disks.1.Partitions.2.Label                 root
PartitioningSchema.Disks.1.Partitions.2.Number                3
PartitioningSchema.Disks.1.Partitions.2.Size                  1.7 TiB
PartitioningSchema.Disks.1.Partitions.2.UseAllAvailableSpace  false
PartitioningSchema.Raids.0.Name                               /dev/md0
PartitioningSchema.Raids.0.Level                              raid_level_1
PartitioningSchema.Raids.0.Devices.0                          /dev/nvme0n1p3
PartitioningSchema.Raids.0.Devices.1                          /dev/nvme1n1p2
PartitioningSchema.Raids.1.Name                               /dev/md1
PartitioningSchema.Raids.1.Level                              raid_level_1
PartitioningSchema.Raids.1.Devices.0                          /dev/nvme0n1p4
PartitioningSchema.Raids.1.Devices.1                          /dev/nvme1n1p3
PartitioningSchema.Filesystems.0.Device                       /dev/nvme0n1p1
PartitioningSchema.Filesystems.0.Format                       fat32
PartitioningSchema.Filesystems.0.Mountpoint                   /boot/efi
PartitioningSchema.Filesystems.1.Device                       /dev/md0
PartitioningSchema.Filesystems.1.Format                       ext4
PartitioningSchema.Filesystems.1.Mountpoint                   /boot
PartitioningSchema.Filesystems.2.Device                       /dev/md1
PartitioningSchema.Filesystems.2.Format                       ext4
PartitioningSchema.Filesystems.2.Mountpoint                   /
üü©üü©üü© JSON STDOUT üü©üü©üü©
{
  "id": "198b3ab9-9a9d-4dc9-b11f-1bebb9e0422e",
  "organization_id": "fa1e3217-dc80-42ac-85c3-3f034b78b552",
  "project_id": "fa1e3217-dc80-42ac-85c3-3f034b78b552",
  "name": "cli-bm-fervent-jepsen",
  "description": "",
  "updated_at": "1970-01-01T00:00:00.0Z",
  "created_at": "1970-01-01T00:00:00.0Z",
  "status": "ready",
  "offer_id": "ddb09834-8680-4339-b5e3-19ca5205fa1f",
  "offer_name": "EM-I215E-NVME",
  "tags": [],
  "ips": [
    {
      "id": "b7dcc938-b346-437b-8451-cf6fdf43ff60",
      "address": "2001:bc8:1201:a22:b683:51ff:fe0f:714c",
      "reverse": "198b3ab9-9a9d-4dc9-b11f-1bebb9e0422e.fr-par-2.baremetal.scw.cloud",
      "version": "IPv6",
      "reverse_status": "active",
      "reverse_status_message": ""
    },
    {
      "id": "ba6478f8-e381-44aa-8c97-76fa4903761a",
      "address": "195.154.100.183",
      "reverse": "198b3ab9-9a9d-4dc9-b11f-1bebb9e0422e.fr-par-2.baremetal.scw.cloud",
      "version": "IPv4",
      "reverse_status": "active",
      "reverse_status_message": ""
    }
  ],
  "domain": "198b3ab9-9a9d-4dc9-b11f-1bebb9e0422e.fr-par-2.baremetal.scw.cloud",
  "boot_type": "normal",
  "zone": "fr-par-2",
  "install": {
    "os_id": "03b7f4ba-a6a1-4305-984e-b54fafbf1681",
    "hostname": "test-install-server",
    "ssh_key_ids": [
      "527f48c8-582f-4527-b28f-4a65e94ef424"
    ],
    "status": "completed",
    "user": "ubuntu",
    "service_user": "",
    "service_url": "",
    "partitioning_schema": {
      "disks": [
        {
          "device": "/dev/nvme0n1",
          "partitions": [
            {
              "label": "uefi",
              "number": 1,
              "size": 536870912,
              "use_all_available_space": false
            },
            {
              "label": "swap",
              "number": 2,
              "size": 4294967296,
              "use_all_available_space": false
            },
            {
              "label": "boot",
              "number": 3,
              "size": 536870912,
              "use_all_available_space": false
            },
            {
              "label": "root",
              "number": 4,
              "size": 1915003863040,
              "use_all_available_space": false
            }
          ]
        },
        {
          "device": "/dev/nvme1n1",
          "partitions": [
            {
              "label": "swap",
              "number": 1,
              "size": 4294967296,
              "use_all_available_space": false
            },
            {
              "label": "boot",
              "number": 2,
              "size": 536870912,
              "use_all_available_space": false
            },
            {
              "label": "root",
              "number": 3,
              "size": 1915003863040,
              "use_all_available_space": false
            }
          ]
        }
      ],
      "raids": [
        {
          "name": "/dev/md0",
          "level": "raid_level_1",
          "devices": [
            "/dev/nvme0n1p3",
            "/dev/nvme1n1p2"
          ]
        },
        {
          "name": "/dev/md1",
          "level": "raid_level_1",
          "devices": [
            "/dev/nvme0n1p4",
            "/dev/nvme1n1p3"
          ]
        }
      ],
      "filesystems": [
        {
          "device": "/dev/nvme0n1p1",
          "format": "fat32",
          "mountpoint": "/boot/efi"
        },
        {
          "device": "/dev/md0",
          "format": "ext4",
          "mountpoint": "/boot"
        },
        {
          "device": "/dev/md1",
          "format": "ext4",
          "mountpoint": "/"
        }
      ],
      "zfs": {
        "pools": []
      }
    }
  },
  "ping_status": "ping_status_unknown",
  "options": [],
  "rescue_server": null,
  "protected": false
}
