üé≤üé≤üé≤ EXIT CODE: 0 üé≤üé≤üé≤
üü©üü©üü© STDOUTÔ∏è üü©üü©üü©Ô∏è
apiVersion: v1
clusters:
- cluster:
    certificate-authority-data: LS0tLS1CRUdJTiBDRVJUSUZJQ0FURS0tLS0tCk1JSUJXekNDQVFHZ0F3SUJBZ0lCQURBS0JnZ3Foa2pPUFFRREFqQVZNUk13RVFZRFZRUURFd3ByZFdKbGNtNWwKZEdWek1CNFhEVEkxTVRBeU9URTRNVEl5TUZvWERUTTFNVEF5T1RFNE1USXlNRm93RlRFVE1CRUdBMVVFQXhNSwphM1ZpWlhKdVpYUmxjekJaTUJNR0J5cUdTTTQ5QWdFR0NDcUdTTTQ5QXdFSEEwSUFCSHJUeFFvRmdBUzF3Ukg3CjBNSnBtQ3lTRkVyZkgrZy9GOVVuaVpDandJOXZlVytnZkk1eDNjeHdRYWFlaGNSQlZtSytKU29LZGtHTTVLaTYKRDg3MklzcWpRakJBTUE0R0ExVWREd0VCL3dRRUF3SUNwREFQQmdOVkhSTUJBZjhFQlRBREFRSC9NQjBHQTFVZApEZ1FXQkJUUXc1TlJDU2hxdEcyWktlS1FjMWhITTFGUEpqQUtCZ2dxaGtqT1BRUURBZ05JQURCRkFpRUFweTRNCmZqY1hRcHJROHZNbmhUTlB3d2VGQmJhN3B1VTZHYzUyZHN6WmlXMENJRGM4ZFl1UUx2SnhDbEF6SWNLbnk3RWMKYlhya0dQZEJaQ2c3dElIbjBaeHkKLS0tLS1FTkQgQ0VSVElGSUNBVEUtLS0tLQo=
    server: https://77cedf93-c2d8-49d0-936e-4b9c73183aec.api.k8s.fr-par.scw.cloud:6443
  name: cli-test-get-kubeconfig-with-flags
contexts:
- context:
    cluster: cli-test-get-kubeconfig-with-flags
    user: cli-config-2e6b12a6
  name: admin@cli-test-get-kubeconfig-with-flags
current-context: admin@cli-test-get-kubeconfig-with-flags
kind: Config
preferences: {}
users:
- name: cli-config-2e6b12a6
  user:
    exec:
      apiVersion: client.authentication.k8s.io/v1
      args:
      - --profile
      - default
      - k8s
      - exec-credential
      command: scw
      installHint: |-
        This kubeconfig profile require scaleway-cli (scw) to authenticate.
        Installation instruction: https://github.com/scaleway/scaleway-cli#installation
      interactiveMode: Never

üü©üü©üü© JSON STDOUT üü©üü©üü©
"apiVersion: v1\nclusters:\n- cluster:\n    certificate-authority-data: LS0tLS1CRUdJTiBDRVJUSUZJQ0FURS0tLS0tCk1JSUJXekNDQVFHZ0F3SUJBZ0lCQURBS0JnZ3Foa2pPUFFRREFqQVZNUk13RVFZRFZRUURFd3ByZFdKbGNtNWwKZEdWek1CNFhEVEkxTVRBeU9URTRNVEl5TUZvWERUTTFNVEF5T1RFNE1USXlNRm93RlRFVE1CRUdBMVVFQXhNSwphM1ZpWlhKdVpYUmxjekJaTUJNR0J5cUdTTTQ5QWdFR0NDcUdTTTQ5QXdFSEEwSUFCSHJUeFFvRmdBUzF3Ukg3CjBNSnBtQ3lTRkVyZkgrZy9GOVVuaVpDandJOXZlVytnZkk1eDNjeHdRYWFlaGNSQlZtSytKU29LZGtHTTVLaTYKRDg3MklzcWpRakJBTUE0R0ExVWREd0VCL3dRRUF3SUNwREFQQmdOVkhSTUJBZjhFQlRBREFRSC9NQjBHQTFVZApEZ1FXQkJUUXc1TlJDU2hxdEcyWktlS1FjMWhITTFGUEpqQUtCZ2dxaGtqT1BRUURBZ05JQURCRkFpRUFweTRNCmZqY1hRcHJROHZNbmhUTlB3d2VGQmJhN3B1VTZHYzUyZHN6WmlXMENJRGM4ZFl1UUx2SnhDbEF6SWNLbnk3RWMKYlhya0dQZEJaQ2c3dElIbjBaeHkKLS0tLS1FTkQgQ0VSVElGSUNBVEUtLS0tLQo=\n    server: https://77cedf93-c2d8-49d0-936e-4b9c73183aec.api.k8s.fr-par.scw.cloud:6443\n  name: cli-test-get-kubeconfig-with-flags\ncontexts:\n- context:\n    cluster: cli-test-get-kubeconfig-with-flags\n    user: cli-config-2e6b12a6\n  name: admin@cli-test-get-kubeconfig-with-flags\ncurrent-context: admin@cli-test-get-kubeconfig-with-flags\nkind: Config\npreferences: {}\nusers:\n- name: cli-config-2e6b12a6\n  user:\n    exec:\n      apiVersion: client.authentication.k8s.io/v1\n      args:\n      - --profile\n      - default\n      - k8s\n      - exec-credential\n      command: scw\n      installHint: |-\n        This kubeconfig profile require scaleway-cli (scw) to authenticate.\n        Installation instruction: https://github.com/scaleway/scaleway-cli#installation\n      interactiveMode: Never\n"
